kotlin version: 2.0.21
error message: java.lang.OutOfMemoryError: GC overhead limit exceeded
	at java.base/java.util.ArrayList.iterator(ArrayList.java:1029)
	at org.jetbrains.kotlin.wasm.ir.convertors.WasmIrToBinary.appendInstr(WasmIrToBinary.kt:755)
	at org.jetbrains.kotlin.wasm.ir.convertors.WasmIrToBinary.appendExpr(WasmIrToBinary.kt:477)
	at org.jetbrains.kotlin.wasm.ir.convertors.WasmIrToBinary.appendCode$lambda$57(WasmIrToBinary.kt:563)
	at org.jetbrains.kotlin.wasm.ir.convertors.WasmIrToBinary$$Lambda/0x0000015bc886e568.invoke(Unknown Source)
	at org.jetbrains.kotlin.wasm.ir.convertors.WasmIrToBinary.withVarUInt32PayloadSizePrepended(WasmIrToBinary.kt:337)
	at org.jetbrains.kotlin.wasm.ir.convertors.WasmIrToBinary.appendCode(WasmIrToBinary.kt:554)
	at org.jetbrains.kotlin.wasm.ir.convertors.WasmIrToBinary.appendWasmModule$lambda$28$lambda$24(WasmIrToBinary.kt:176)
	at org.jetbrains.kotlin.wasm.ir.convertors.WasmIrToBinary$$Lambda/0x0000015bc886e350.invoke(Unknown Source)
	at org.jetbrains.kotlin.wasm.ir.convertors.WasmIrToBinary.appendSection_Sr9dMcE$lambda$45(WasmIrToBinary.kt:326)
	at org.jetbrains.kotlin.wasm.ir.convertors.WasmIrToBinary$$Lambda/0x0000015bc886c038.invoke(Unknown Source)
	at org.jetbrains.kotlin.wasm.ir.convertors.WasmIrToBinary.withVarUInt32PayloadSizePrepended(WasmIrToBinary.kt:337)
	at org.jetbrains.kotlin.wasm.ir.convertors.WasmIrToBinary.appendSection-Sr9dMcE(WasmIrToBinary.kt:326)
	at org.jetbrains.kotlin.wasm.ir.convertors.WasmIrToBinary.appendWasmModule(WasmIrToBinary.kt:174)
	at org.jetbrains.kotlin.backend.wasm.WasmCompilerKt.compileWasm-uzOlIq4(wasmCompiler.kt:161)
	at org.jetbrains.kotlin.cli.js.K2JsIrCompiler.doExecute(K2JsIrCompiler.kt:429)
	at org.jetbrains.kotlin.cli.js.K2JSCompiler.doExecute(K2JSCompiler.java:70)
	at org.jetbrains.kotlin.cli.js.K2JSCompiler.doExecute(K2JSCompiler.java:33)
	at org.jetbrains.kotlin.cli.common.CLICompiler.execImpl(CLICompiler.kt:103)
	at org.jetbrains.kotlin.cli.common.CLICompiler.execImpl(CLICompiler.kt:49)
	at org.jetbrains.kotlin.cli.common.CLITool.exec(CLITool.kt:101)
	at org.jetbrains.kotlin.daemon.CompileServiceImpl.compile(CompileServiceImpl.kt:1555)
	at java.base/java.lang.invoke.LambdaForm$DMH/0x0000015bc80a5000.invokeInterface(LambdaForm$DMH)
	at java.base/java.lang.invoke.LambdaForm$MH/0x0000015bc80a9400.invoke(LambdaForm$MH)
	at java.base/java.lang.invoke.Invokers$Holder.invokeExact_MT(Invokers$Holder)
	at java.base/jdk.internal.reflect.DirectMethodHandleAccessor.invokeImpl(DirectMethodHandleAccessor.java:157)
	at java.base/jdk.internal.reflect.DirectMethodHandleAccessor.invoke(DirectMethodHandleAccessor.java:103)
	at java.base/java.lang.reflect.Method.invoke(Method.java:580)
	at java.rmi/sun.rmi.server.UnicastServerRef.dispatch(UnicastServerRef.java:360)
	at java.rmi/sun.rmi.transport.Transport$1.run(Transport.java:200)
	at java.rmi/sun.rmi.transport.Transport$1.run(Transport.java:197)
	at java.base/java.security.AccessController.executePrivileged(AccessController.java:809)


